// Jest Snapshot v1, https://goo.gl/fbAQLP

exports[`App utils: LoadingComponent renders 1`] = `
<div
  id="loading-component"
>
  <div
    className="loader"
  />
</div>
`;
