// Jest Snapshot v1, https://goo.gl/fbAQLP

exports[`Utilities: JavascriptDocs renders init and close methods 1`] = `
<JavascriptDocs
  close={true}
  componentName="test"
>
  <table
    className="table table-striped"
  >
    <thead>
      <tr>
        <th
          scope="col"
        >
          Function
        </th>
        <th
          scope="col"
        >
          Purpose
        </th>
      </tr>
    </thead>
    <tbody>
      <tr>
        <td
          scope="row"
        >
          <DgScript
            component="test"
            func="init"
          >
            <code>
              <span>
                dg
              </span>
              <span
                className="token punctuation"
              >
                .
              </span>
              <span>
                test
              </span>
              <span
                className="token punctuation"
              >
                .
              </span>
              <span
                className="token function"
              >
                init
              </span>
              <span
                className="token punctuation"
              >
                (
              </span>
              <span
                className="token punctuation"
              >
                );
              </span>
            </code>
          </DgScript>
        </td>
        <td>
          <Link
            to="/docs/getting-started/javascript"
          />
           
          test
        </td>
      </tr>
      <CloseDocs
        componentName="test"
      >
        <tr>
          <td
            scope="row"
          >
            <DgScript
              component="test"
              func="close"
              params={
                Array [
                  "<test-id>",
                ]
              }
            >
              <code>
                <span>
                  dg
                </span>
                <span
                  className="token punctuation"
                >
                  .
                </span>
                <span>
                  test
                </span>
                <span
                  className="token punctuation"
                >
                  .
                </span>
                <span
                  className="token function"
                >
                  close
                </span>
                <span
                  className="token punctuation"
                >
                  (
                </span>
                <span
                  className={null}
                  key="0"
                >
                  &lt;test-id&gt;
                </span>
                <span
                  className="token punctuation"
                >
                  );
                </span>
              </code>
            </DgScript>
          </td>
          <td>
            Closes the given 
            test
          </td>
        </tr>
      </CloseDocs>
    </tbody>
  </table>
</JavascriptDocs>
`;

exports[`Utilities: JavascriptDocs renders init and open methods 1`] = `
<JavascriptDocs
  componentName="test"
  open={true}
>
  <table
    className="table table-striped"
  >
    <thead>
      <tr>
        <th
          scope="col"
        >
          Function
        </th>
        <th
          scope="col"
        >
          Purpose
        </th>
      </tr>
    </thead>
    <tbody>
      <tr>
        <td
          scope="row"
        >
          <DgScript
            component="test"
            func="init"
          >
            <code>
              <span>
                dg
              </span>
              <span
                className="token punctuation"
              >
                .
              </span>
              <span>
                test
              </span>
              <span
                className="token punctuation"
              >
                .
              </span>
              <span
                className="token function"
              >
                init
              </span>
              <span
                className="token punctuation"
              >
                (
              </span>
              <span
                className="token punctuation"
              >
                );
              </span>
            </code>
          </DgScript>
        </td>
        <td>
          <Link
            to="/docs/getting-started/javascript"
          />
           
          test
        </td>
      </tr>
      <OpenDocs
        componentName="test"
      >
        <tr>
          <td
            scope="row"
          >
            <DgScript
              component="test"
              func="open"
              params={
                Array [
                  "<test-id>",
                ]
              }
            >
              <code>
                <span>
                  dg
                </span>
                <span
                  className="token punctuation"
                >
                  .
                </span>
                <span>
                  test
                </span>
                <span
                  className="token punctuation"
                >
                  .
                </span>
                <span
                  className="token function"
                >
                  open
                </span>
                <span
                  className="token punctuation"
                >
                  (
                </span>
                <span
                  className={null}
                  key="0"
                >
                  &lt;test-id&gt;
                </span>
                <span
                  className="token punctuation"
                >
                  );
                </span>
              </code>
            </DgScript>
          </td>
          <td>
            Opens the given 
            test
          </td>
        </tr>
      </OpenDocs>
    </tbody>
  </table>
</JavascriptDocs>
`;

exports[`Utilities: JavascriptDocs renders init, open and close methods 1`] = `
<JavascriptDocs
  close={true}
  componentName="test"
  open={true}
>
  <table
    className="table table-striped"
  >
    <thead>
      <tr>
        <th
          scope="col"
        >
          Function
        </th>
        <th
          scope="col"
        >
          Purpose
        </th>
      </tr>
    </thead>
    <tbody>
      <tr>
        <td
          scope="row"
        >
          <DgScript
            component="test"
            func="init"
          >
            <code>
              <span>
                dg
              </span>
              <span
                className="token punctuation"
              >
                .
              </span>
              <span>
                test
              </span>
              <span
                className="token punctuation"
              >
                .
              </span>
              <span
                className="token function"
              >
                init
              </span>
              <span
                className="token punctuation"
              >
                (
              </span>
              <span
                className="token punctuation"
              >
                );
              </span>
            </code>
          </DgScript>
        </td>
        <td>
          <Link
            to="/docs/getting-started/javascript"
          />
           
          test
        </td>
      </tr>
      <OpenDocs
        componentName="test"
      >
        <tr>
          <td
            scope="row"
          >
            <DgScript
              component="test"
              func="open"
              params={
                Array [
                  "<test-id>",
                ]
              }
            >
              <code>
                <span>
                  dg
                </span>
                <span
                  className="token punctuation"
                >
                  .
                </span>
                <span>
                  test
                </span>
                <span
                  className="token punctuation"
                >
                  .
                </span>
                <span
                  className="token function"
                >
                  open
                </span>
                <span
                  className="token punctuation"
                >
                  (
                </span>
                <span
                  className={null}
                  key="0"
                >
                  &lt;test-id&gt;
                </span>
                <span
                  className="token punctuation"
                >
                  );
                </span>
              </code>
            </DgScript>
          </td>
          <td>
            Opens the given 
            test
          </td>
        </tr>
      </OpenDocs>
      <CloseDocs
        componentName="test"
      >
        <tr>
          <td
            scope="row"
          >
            <DgScript
              component="test"
              func="close"
              params={
                Array [
                  "<test-id>",
                ]
              }
            >
              <code>
                <span>
                  dg
                </span>
                <span
                  className="token punctuation"
                >
                  .
                </span>
                <span>
                  test
                </span>
                <span
                  className="token punctuation"
                >
                  .
                </span>
                <span
                  className="token function"
                >
                  close
                </span>
                <span
                  className="token punctuation"
                >
                  (
                </span>
                <span
                  className={null}
                  key="0"
                >
                  &lt;test-id&gt;
                </span>
                <span
                  className="token punctuation"
                >
                  );
                </span>
              </code>
            </DgScript>
          </td>
          <td>
            Closes the given 
            test
          </td>
        </tr>
      </CloseDocs>
    </tbody>
  </table>
</JavascriptDocs>
`;

exports[`Utilities: JavascriptDocs renders only init method 1`] = `
<Fragment>
  <table
    className="table table-striped"
  >
    <thead>
      <tr>
        <th
          scope="col"
        >
          Function
        </th>
        <th
          scope="col"
        >
          Purpose
        </th>
      </tr>
    </thead>
    <tbody>
      <tr>
        <td
          scope="row"
        >
          <DgScript
            component="test"
            func="init"
          />
        </td>
        <td>
          <Link
            to="/docs/getting-started/javascript"
          >
            Initializes
          </Link>
           
          test
        </td>
      </tr>
    </tbody>
  </table>
</Fragment>
`;
