// Jest Snapshot v1, https://goo.gl/fbAQLP

exports[`GettingStarted: Introduction Css renders 1`] = `
<Fragment>
  <h2
    id="css"
  >
    CSS
  </h2>
  <p>
    Copy-paste the stylesheet 
    <PrismCode
      className="language-html"
      component="code"
    >
      &lt;link&gt;
    </PrismCode>
     into your 
    <PrismCode
      className="language-html"
      component="code"
    >
      &lt;head&gt;
    </PrismCode>
     before all other stylesheets to load our CSS.
  </p>
  <ComponentPreview
    codeFigure={true}
    language="html"
  >
    <link
      href="https://design.TESTBRAND.com/TEST/styles/dg-style.css"
      rel="stylesheet"
    />
  </ComponentPreview>
</Fragment>
`;

exports[`GettingStarted: Introduction JavaScript renders 1`] = `
<Fragment>
  <h2
    id="javascript"
  >
    JavaScript
  </h2>
  <p>
    Many of our components require the use of JavaScript to function. Place the following 
    <PrismCode
      className="language-html"
      component="code"
    >
      &lt;script&gt;
    </PrismCode>
     tag near the end of your pages, right before the closing 
    <PrismCode
      className="language-html"
      component="code"
    >
      &lt;/body&gt;
    </PrismCode>
     tag, to enable them.
  </p>
  <ComponentPreview
    codeFigure={true}
    language="html"
  >
    <script
      src="https://design.TESTBRAND.com/TEST/scripts/dg.js"
    />
  </ComponentPreview>
</Fragment>
`;

exports[`GettingStarted: Introduction QuickStart renders 1`] = `
<Fragment>
  <h2
    id="quick-start"
  >
    Quick start
  </h2>
  <p>
    To quickly add the 
    TESTBRAND
     DesignGuide to your project, include the snippets below in your project.
  </p>
</Fragment>
`;

exports[`GettingStarted: Introduction renders 1`] = `
<DocContainer
  docToc={true}
>
  <p
    className="lead"
  >
    Getting started with the 
    TESTBRAND
     DesignGuide.
  </p>
  <QuickStart />
  <Css />
  <JavaScript />
</DocContainer>
`;
